c:\users\2532203\documents\code\3_premiere_semaine_gabriel_fradette\levaisseau\levaisseau\x64\debug\vc143.pdb
c:\users\2532203\documents\code\3_premiere_semaine_gabriel_fradette\levaisseau\levaisseau\x64\debug\vc143.idb
c:\users\2532203\documents\code\3_premiere_semaine_gabriel_fradette\levaisseau\levaisseau\x64\debug\vaisseau.obj
c:\users\2532203\documents\code\3_premiere_semaine_gabriel_fradette\levaisseau\levaisseau\x64\debug\utilitaire.obj
c:\users\2532203\documents\code\3_premiere_semaine_gabriel_fradette\levaisseau\levaisseau\x64\debug\typevaisseau.obj
c:\users\2532203\documents\code\3_premiere_semaine_gabriel_fradette\levaisseau\levaisseau\x64\debug\toilette.obj
c:\users\2532203\documents\code\3_premiere_semaine_gabriel_fradette\levaisseau\levaisseau\x64\debug\quincaillerie.obj
c:\users\2532203\documents\code\3_premiere_semaine_gabriel_fradette\levaisseau\levaisseau\x64\debug\levaisseau.obj
c:\users\2532203\documents\code\3_premiere_semaine_gabriel_fradette\levaisseau\levaisseau\x64\debug\factoryvaisseau.obj
c:\users\2532203\documents\code\3_premiere_semaine_gabriel_fradette\levaisseau\levaisseau\x64\debug\factionrouge.obj
c:\users\2532203\documents\code\3_premiere_semaine_gabriel_fradette\levaisseau\levaisseau\x64\debug\factionbleu.obj
c:\users\2532203\documents\code\3_premiere_semaine_gabriel_fradette\levaisseau\levaisseau\x64\debug\faction.obj
c:\users\2532203\documents\code\3_premiere_semaine_gabriel_fradette\levaisseau\levaisseau\x64\debug\clandestin.obj
c:\users\2532203\documents\code\3_premiere_semaine_gabriel_fradette\levaisseau\x64\debug\levaisseau.exe
c:\users\2532203\documents\code\3_premiere_semaine_gabriel_fradette\levaisseau\x64\debug\levaisseau.pdb
c:\users\2532203\documents\code\3_premiere_semaine_gabriel_fradette\levaisseau\levaisseau\x64\debug\levaisseau.ilk
c:\users\2532203\documents\code\3_premiere_semaine_gabriel_fradette\levaisseau\levaisseau\x64\debug\levaisseau.tlog\cl.command.1.tlog
c:\users\2532203\documents\code\3_premiere_semaine_gabriel_fradette\levaisseau\levaisseau\x64\debug\levaisseau.tlog\cl.items.tlog
c:\users\2532203\documents\code\3_premiere_semaine_gabriel_fradette\levaisseau\levaisseau\x64\debug\levaisseau.tlog\cl.read.1.tlog
c:\users\2532203\documents\code\3_premiere_semaine_gabriel_fradette\levaisseau\levaisseau\x64\debug\levaisseau.tlog\cl.write.1.tlog
c:\users\2532203\documents\code\3_premiere_semaine_gabriel_fradette\levaisseau\levaisseau\x64\debug\levaisseau.tlog\link.command.1.tlog
c:\users\2532203\documents\code\3_premiere_semaine_gabriel_fradette\levaisseau\levaisseau\x64\debug\levaisseau.tlog\link.read.1.tlog
c:\users\2532203\documents\code\3_premiere_semaine_gabriel_fradette\levaisseau\levaisseau\x64\debug\levaisseau.tlog\link.secondary.1.tlog
c:\users\2532203\documents\code\3_premiere_semaine_gabriel_fradette\levaisseau\levaisseau\x64\debug\levaisseau.tlog\link.write.1.tlog
